// Jest Snapshot v1, https://goo.gl/fbAQLP

exports[`<Div/> container box styled div snapshot 1`] = `
.c0 {
  box-shadow: 0 0 4px 2px #ccc;
  display: inline-block;
  margin: 10px 2px 10px 2px;
  position: relative;
  width: 100%;
  word-wrap: break-word;
}

<styled.div>
  <div
    className="c0"
  />
</styled.div>
`;
