// Jest Snapshot v1, https://goo.gl/fbAQLP

exports[`<ContainerBox/> container box snapshot 1`] = `
<styled.div>
  <Indicator
    isActive={true}
  />
  <List>
    <ListItem
      autoGenerateNestedIndicator={true}
      containerElement="span"
      disableKeyboardFocus={false}
      disabled={true}
      initiallyOpen={false}
      insetChildren={false}
      nestedItems={Array []}
      nestedLevel={0}
      onKeyboardFocus={[Function]}
      onMouseEnter={[Function]}
      onMouseLeave={[Function]}
      onNestedListToggle={[Function]}
      onTouchEnd={[Function]}
      onTouchStart={[Function]}
      open={null}
      primaryText="dockerrouter_web_1"
      primaryTogglesNestedList={false}
      secondaryText="Container Name"
      secondaryTextLines={1}
    />
    <ListItem
      autoGenerateNestedIndicator={true}
      containerElement="span"
      disableKeyboardFocus={false}
      disabled={true}
      initiallyOpen={false}
      insetChildren={false}
      nestedItems={Array []}
      nestedLevel={0}
      onKeyboardFocus={[Function]}
      onMouseEnter={[Function]}
      onMouseLeave={[Function]}
      onNestedListToggle={[Function]}
      onTouchEnd={[Function]}
      onTouchStart={[Function]}
      open={null}
      primaryText="dockerrouter_web"
      primaryTogglesNestedList={false}
      secondaryText="Image"
      secondaryTextLines={1}
    />
    <ListItem
      autoGenerateNestedIndicator={true}
      containerElement="span"
      disableKeyboardFocus={false}
      disabled={true}
      initiallyOpen={false}
      insetChildren={false}
      nestedItems={Array []}
      nestedLevel={0}
      onKeyboardFocus={[Function]}
      onMouseEnter={[Function]}
      onMouseLeave={[Function]}
      onNestedListToggle={[Function]}
      onTouchEnd={[Function]}
      onTouchStart={[Function]}
      open={null}
      primaryText="Up 6 seconds"
      primaryTogglesNestedList={false}
      secondaryText="Status"
      secondaryTextLines={1}
    />
  </List>
</styled.div>
`;
